\BOOKMARK [1][-]{section.1}{\376\377\000P\000r\000e\000l\000i\000m\000i\000n\000a\000r\000i\000e\000s}{}% 1
\BOOKMARK [2][-]{subsection.1.1}{\376\377\000F\000i\000s\000c\000a\000l\000\040\000P\000e\000r\000i\000o\000d\000\040\000M\000o\000d\000e\000l}{section.1}% 2
\BOOKMARK [2][-]{subsection.1.2}{\376\377\000M\000e\000a\000s\000u\000r\000e\000m\000e\000n\000t\000\040\000F\000u\000n\000c\000t\000i\000o\000n\000s}{section.1}% 3
\BOOKMARK [2][-]{subsection.1.3}{\376\377\000D\000e\000l\000t\000a\000\040\000O\000p\000e\000r\000a\000t\000o\000r}{section.1}% 4
\BOOKMARK [1][-]{section.2}{\376\377\000K\000e\000r\000n\000e\000l\000\040\000L\0000\000\040\000A\000c\000c\000o\000u\000n\000t\000\040\000S\000e\000t\000s}{}% 5
\BOOKMARK [2][-]{subsection.2.1}{\376\377\000C\000a\000s\000h}{section.2}% 6
\BOOKMARK [2][-]{subsection.2.2}{\376\377\000R\000e\000v\000e\000n\000u\000e\000\040\000a\000n\000d\000\040\000R\000e\000f\000u\000n\000d\000s}{section.2}% 7
\BOOKMARK [2][-]{subsection.2.3}{\376\377\000O\000p\000e\000r\000a\000t\000i\000n\000g\000\040\000C\000o\000s\000t\000s}{section.2}% 8
\BOOKMARK [2][-]{subsection.2.4}{\376\377\000C\000u\000r\000r\000e\000n\000t\000\040\000A\000s\000s\000e\000t\000s\000\040\000\050\000K\000e\000r\000n\000e\000l\000\040\000A\000p\000p\000r\000o\000x\000i\000m\000a\000t\000i\000o\000n\000\051}{section.2}% 9
\BOOKMARK [2][-]{subsection.2.5}{\376\377\000C\000u\000r\000r\000e\000n\000t\000\040\000L\000i\000a\000b\000i\000l\000i\000t\000i\000e\000s\000\040\000\050\000K\000e\000r\000n\000e\000l\000\040\000A\000p\000p\000r\000o\000x\000i\000m\000a\000t\000i\000o\000n\000\051}{section.2}% 10
\BOOKMARK [1][-]{section.3}{\376\377\000M\000e\000t\000r\000i\000c\000\040\000S\000p\000e\000c\000i\000f\000i\000c\000a\000t\000i\000o\000n\000s}{}% 11
\BOOKMARK [2][-]{subsection.3.1}{\376\377\000M\000e\000t\000r\000i\000c\000:\000\040\000T\000o\000t\000a\000l\000\040\000C\000a\000s\000h}{section.3}% 12
\BOOKMARK [2][-]{subsection.3.2}{\376\377\000M\000e\000t\000r\000i\000c\000:\000\040\000N\000e\000t\000\040\000R\000e\000v\000e\000n\000u\000e}{section.3}% 13
\BOOKMARK [2][-]{subsection.3.3}{\376\377\000M\000e\000t\000r\000i\000c\000:\000\040\000O\000p\000e\000r\000a\000t\000i\000n\000g\000\040\000I\000n\000c\000o\000m\000e}{section.3}% 14
\BOOKMARK [2][-]{subsection.3.4}{\376\377\000M\000e\000t\000r\000i\000c\000:\000\040\000N\000e\000t\000\040\000W\000o\000r\000k\000i\000n\000g\000\040\000C\000a\000p\000i\000t\000a\000l}{section.3}% 15
\BOOKMARK [2][-]{subsection.3.5}{\376\377\000M\000e\000t\000r\000i\000c\000:\000\040\000C\000u\000r\000r\000e\000n\000t\000\040\000R\000a\000t\000i\000o}{section.3}% 16
\BOOKMARK [1][-]{appendix.A}{\376\377\000W\000o\000r\000k\000e\000d\000\040\000N\000u\000m\000e\000r\000i\000c\000a\000l\000\040\000E\000x\000a\000m\000p\000l\000e\000s}{}% 17
\BOOKMARK [2][-]{subsection.A.1}{\376\377\000E\000x\000a\000m\000p\000l\000e\000\040\000A\000.\0001\000\040\040\024\000\040\000E\000m\000p\000t\000y\000\040\000C\000o\000m\000p\000a\000n\000y\000\040\000\050\000B\000a\000s\000e\000l\000i\000n\000e\000\051}{appendix.A}% 18
\BOOKMARK [2][-]{subsection.A.2}{\376\377\000E\000x\000a\000m\000p\000l\000e\000\040\000A\000.\0002\000\040\040\024\000\040\000C\000a\000s\000h\000\040\000O\000n\000l\000y}{appendix.A}% 19
\BOOKMARK [2][-]{subsection.A.3}{\376\377\000E\000x\000a\000m\000p\000l\000e\000\040\000A\000.\0003\000\040\040\024\000\040\000R\000e\000v\000e\000n\000u\000e\000\040\000w\000i\000t\000h\000\040\000R\000e\000f\000u\000n\000d\000s}{appendix.A}% 20
\BOOKMARK [2][-]{subsection.A.4}{\376\377\000E\000x\000a\000m\000p\000l\000e\000\040\000A\000.\0004\000\040\040\024\000\040\000F\000u\000l\000l\000\040\000O\000p\000e\000r\000a\000t\000i\000n\000g\000\040\000S\000t\000a\000c\000k\000\040\000\050\000P\000r\000o\000f\000i\000t\000\051}{appendix.A}% 21
\BOOKMARK [2][-]{subsection.A.5}{\376\377\000E\000x\000a\000m\000p\000l\000e\000\040\000A\000.\0005\000\040\040\024\000\040\000N\000e\000t\000\040\000W\000o\000r\000k\000i\000n\000g\000\040\000C\000a\000p\000i\000t\000a\000l\000\040\000\050\000P\000o\000s\000i\000t\000i\000v\000e\000\051}{appendix.A}% 22
\BOOKMARK [2][-]{subsection.A.6}{\376\377\000E\000x\000a\000m\000p\000l\000e\000\040\000A\000.\0006\000\040\040\024\000\040\000D\000i\000v\000i\000s\000i\000o\000n\000\040\000b\000y\000\040\000Z\000e\000r\000o\000\040\000\050\000R\000a\000t\000i\000o\000\040\000U\000n\000d\000e\000f\000i\000n\000e\000d\000\051}{appendix.A}% 23
\BOOKMARK [2][-]{subsection.A.7}{\376\377\000E\000x\000a\000m\000p\000l\000e\000\040\000A\000.\0007\000\040\040\024\000\040\000D\000e\000l\000t\000a\000\040\000C\000o\000m\000p\000u\000t\000a\000t\000i\000o\000n}{appendix.A}% 24
\BOOKMARK [1][-]{appendix.B}{\376\377\000A\000u\000d\000i\000t\000\040\000R\000e\000c\000o\000n\000c\000i\000l\000i\000a\000t\000i\000o\000n\000\040\000P\000r\000o\000c\000e\000d\000u\000r\000e}{}% 25
